PitchingStatsID PlayerID    TeamID League Season SeasonType GamesFinished Wins   Losses Saves  BlownSaves Holds  Pct           WHIP          InningsPitched InningFractions Hits   Runs   EarnedRuns ERA                    Walks  KOs    KL     HomeRuns HitBatters IBBs   WildPitches Balks  Appearances Starts CompleteGames Shutouts PCTotal PCStrikes SFA    SHA    CIA    Doubles Triples PO     AtBats BF     msrepl_synctran_ts fullname
--------------- ----------- ------ ------ ------ ---------- ------------- ------ ------ ------ ---------- ------ ------------- ------------- -------------- --------------- ------ ------ ---------- ---------------------- ------ ------ ------ -------- ---------- ------ ----------- ------ ----------- ------ ------------- -------- ------- --------- ------ ------ ------ ------- ------- ------ ------ ------ ------------------ ----------------------------------------------------------------------
26864           1770        056    AL     2013   Regular    10            2      0      0      1          2      1             1.483146      29             2               37     19     19         5.76404494382022       7      19     4      4        1          0      0           1      39          0      0             0        466     309       0      0      0      7       1       0      116    124    0x000000000EEDC2BB Farnsworth, Kyle Lynn
27337           1770        009    NL     2013   Regular    7             1      1      2      0          0      1             1.038462      8              2               6      1      1          1.03846153846154       3      9      0      1        0          0      0           0      9           0      0             0        127     83        0      0      0      1       0       0      30     33     0x000000000EEDD6D7 Farnsworth, Kyle Lynn
27339           1916        001    NL     2013   Regular    1             1      2      0      0          0      0             1.024391      27             1               23     5      5          1.64634146341463       5      20     4      2        0          0      1           0      6           3      0             0        346     234       0      3      0      1       0       0      98     106    0x000000000EEDD6D9 Garcia, Freddy Antonio
27101           1916        027    AL     2013   Regular    1             3      5      0      0          0      0             1.358491      53             0               60     35     34         5.77358490566038       12     26     6      16       1          0      0           0      11          10     0             0        815     529       1      2      0      5       1       0      209    225    0x000000000EEDD4AA Garcia, Freddy Antonio
27280           5369        001    NL     2013   Regular    2             2      1      0      1          8      1             1.928573      14             0               19     6      6          3.85714285714286       8      15     1      0        0          0      1           0      25          0      0             0        243     152       1      2      0      2       0       0      56     67     0x000000000EEDD6D6 Downs, Scott Jeremy
26732           5369        029    AL     2013   Regular    3             2      3      0      3          18     0             1.261364      29             1               26     7      6          1.84090909090909       11     22     5      1        2          2      1           0      43          0      0             0        469     274       0      2      0      5       0       0      107    122    0x000000000EED7ACA Downs, Scott Jeremy
27237           6091        002    NL     2013   Regular    2             2      1      0      2          5      0             1.263159      12             2               11     4      3          2.13157894736842       5      9      1      0        0          0      0           0      15          0      0             0        197     113       0      0      0      2       1       0      45     49     0x000000000EED7981 Guerrier, Matthew Olson (Matt)
27018           6091        005    NL     2013   Regular    5             2      3      0      1          3      0.5           1.466667      30             0               32     18     16         4.8                    12     21     2      3        1          2      0           0      34          0      0             0        473     296       2      2      0      5       1       0      113    130    0x000000000EEDD504 Guerrier, Matthew Olson (Matt)
27264           6131        028    AL     2013   Regular    3             0      1      0      0          1      0             1.76087       15             1               22     6      6          3.52173913043478       5      9      4      0        0          0      1           0      20          0      0             0        250     166       1      2      0      1       0       0      63     71     0x000000000EEDD367 Thornton, Matthew J. (Matt)
26717           6131        030    AL     2013   Regular    3             0      3      0      1          18     0             1.25          28             0               25     14     12         3.85714285714286       10     21     1      4        2          1      1           0      40          0      0             0        456     285       0      2      0      4       0       0      102    117    0x000000000EEDD665 Thornton, Matthew J. (Matt)
27373           6371        007    NL     2013   Regular    0             0      1      0      0          0      0             1.391304      23             0               20     10     9          3.52173913043478       12     26     6      5        1          0      1           0      4           4      0             0        412     251       0      0      0      2       0       0      87     100    0x000000000EEDD27C Harang, Aaron Michael
27045           6371        038    AL     2013   Regular    0             5      11     0      0          0      0.3846154     1.33795       120            1               133    81     77         5.7590027700831        28     87     20     21       5          1      3           0      22          22     2             2        2033    1319      6      1      0      28      6       0      488    528    0x000000000EEDD544 Harang, Aaron Michael
26821           6397        030    AL     2013   Regular    0             8      4      0      0          0      0.75          1.1375        80             0               74     41     38         4.275                  17     76     24     14       1          0      0           1      13          13     1             0        1306    885       2      1      0      15      1       0      303    324    0x000000000EEDD3F1 Peavy, Jacob Edward (Jake)
27297           6397        028    AL     2013   Regular    0             4      1      0      0          0      0             1.159794      64             2               56     29     29         4.0360824742268        19     45     14     6        1          0      0           1      10          10     1             0        1062    688       1      1      0      12      3       0      244    266    0x000000000EEDD68A Peavy, Jacob Edward (Jake)
27274           6487        027    AL     2013   Regular    5             2      1      0      0          4      1             1.363636      22             0               25     11     11         4.5                    5      28     4      5        1          1      2           0      23          0      0             0        374     244       0      1      0      7       2       0      86     93     0x000000000EEDBF71 Rodriguez, Francisco Jose
27126           6487        034    NL     2013   Regular    18            1      1      10     0          1      1             1.054054      24             2               17     3      3          1.09459459459459       9      26     6      2        0          3      0           0      25          0      0             0        380     254       0      2      0      2       0       0      86     97     0x000000000EEDD5B9 Rodriguez, Francisco Jose
26860           6551        027    AL     2013   Regular    0             1      0      0      1          0      1             2             2              0               4      2      2          9                      0      2      2      1        0          0      0           0      2           0      0             0        44      26        0      0      0      1       0       0      10     10     0x000000000EEDD406 Ayala, Luis Ignacio
27032           6551        001    NL     2013   Regular    7             1      1      0      2          10     0             1.516129      31             0               34     10     10         2.90322580645161       13     20     2      1        0          2      1           0      37          0      0             0        511     326       0      1      0      5       0       0      119    133    0x000000000EEDD41C Ayala, Luis Ignacio
27183           6712        038    AL     2013   Regular    0             1      3      0      0          0      0             1.486957      38             1               40     23     21         4.9304347826087        17     16     6      4        2          2      2           0      7           7      0             0        623     368       1      0      0      14      1       0      150    170    0x000000000EEDD5DE Bonderman, Jeremy Allen
27305           6712        032    AL     2013   Regular    4             1      1      0      0          0      0.5           1.680001      16             2               18     13     12         6.48                   10     16     2      3        0          1      1           0      11          0      0             0        281     169       1      1      0      5       0       0      65     76     0x000000000EED80C8 Bonderman, Jeremy Allen
27321           7064        039    AL     2013   Regular    0             1      1      0      0          0      1             1.173913      15             1               16     8      8          4.69565217391304       2      11     2      2        0          0      3           0      4           3      0             0        232     152       0      0      0      3       0       0      57     59     0x000000000EEDBD9C Blackley, Travis Jarrod
27059           7064        004    AL     2013   Regular    5             1      1      0      1          13     0.5           1.428571      35             0               30     19     19         4.88571428571429       20     29     4      10       1          4      4           0      42          0      0             0        597     356       2      1      0      3       0       0      128    152    0x000000000EED8362 Blackley, Travis Jarrod
27021           7491        040    AL     2013   Regular    1             0      0      0      0          0      0             1.75          8              0               9      7      7          7.875                  5      3      0      2        1          0      0           0      3           0      0             0        142     86        0      0      0      2       0       0      32     38     0x000000000EED77B2 Gonzalez, Edgar Gerardo Elizondo*
27119           7491        004    AL     2013   Regular    1             0      1      0      0          0      0             2.000002      10             0               17     9      8          7.2                    3      8      2      4        0          0      0           0      5           0      0             0        171     113       0      0      0      1       0       0      46     49     0x000000000EEDD274 Gonzalez, Edgar Gerardo Elizondo*
26786           7545        004    AL     2013   Regular    38            0      4      19     3          0      0             1             43             0               29     15     14         2.93023255813953       14     44     12     4        3          0      2           0      42          0      0             0        660     421       0      1      0      4       1       0      151    169    0x000000000EED7ADD Veras, Jose Romero*
27283           7545        032    AL     2013   Regular    7             0      1      2      1          9      0             1.220339      19             2               16     8      7          3.20338983050847       8      16     4      2        1          0      0           0      25          0      0             0        348     201       0      1      0      4       0       0      75     85     0x000000000EEDD6B0 Veras, Jose Romero*
26966           9868        006    NL     2013   Regular    1             1      1      0      0          0      0             1.887097      20             2               31     22     20         8.70967741935484       8      11     4      2        1          3      1           0      12          1      0             0        336     199       2      2      0      8       0       0      88     101    0x000000000EEDC831 Duke, Zachary Thomas (Zach)
27334           9868        003    NL     2013   Regular    2             0      1      0      0          1      0             0.9375006     10             2               8      1      1          0.84375                2      7      1      1        0          0      1           0      14          0      0             0        180     114       0      0      0      1       0       0      39     41     0x000000000EEDD5E6 Duke, Zachary Thomas (Zach)
27236           9995        027    AL     2013   Regular    0             5      6      0      0          0      0             1.224265      90             2               80     45     43         4.26838235294118       31     65     15     9        6          1      3           1      15          15     1             1        1479    901       3      1      0      18      2       0      341    382    0x000000000EED7980 Feldman, Scott
26963           9995        002    NL     2013   Regular    0             7      6      0      0          0      0             1.142857      91             0               79     42     35         3.46153846153846       25     67     26     10       3          0      4           0      15          15     1             0        1514    923       4      6      0      15      0       0      341    379    0x000000000EEDC2CB Feldman, Scott
27275           11868       029    AL     2013   Regular    4             1      4      0      1          2      0             1.461539      26             0               26     16     15         5.19230769230769       12     28     2      3        0          1      2           0      28          0      0             0        442     278       1      1      0      3       0       0      103    117    0x000000000EEDBF72 Gutierrez, Juan C.
26818           11868       033    AL     2013   Regular    13            0      1      0      0          2      0             1.295455      29             1               30     13     11         3.375                  8      17     5      2        1          1      1           0      25          0      0             0        447     287       1      0      0      2       1       0      113    123    0x000000000EEDD3EE Gutierrez, Juan C.
27079           12124       040    AL     2013   Regular    0             0      0      0      0          0      0             5.750002      2              2               2      2      2          6.75                   5      0      0      0        0          0      0           0      1           1      0             0        55      23        1      1      0      0       0       0      7      14     0x000000000EEDD3B1 Laffey, Aaron S.
27015           12124       007    NL     2013   Regular    1             0      0      0      0          0      0             2.1           10             0               16     8      8          7.2                    5      9      1      1        2          0      0           0      4           2      0             0        202     125       1      1      0      4       0       0      41     50     0x000000000EEDD501 Laffey, Aaron S.
26668           12519       010    NL     2013   Regular    0             9      10     0      0          0      0.5           1.665106      142            1               168    100    95         6.00702576112412       69     116    29     14       3          2      11          0      27          27     0             0        2470    1500      3      7      0      39      6       0      553    632    0x000000000EED7ABB Volquez, Edinson
27335           12519       005    NL     2013   Regular    0             0      2      0      0          0      0             1.178571      28             0               25     14     13         4.17857142857143       8      26     8      5        0          0      5           0      6           5      0             0        449     278       1      2      0      4       1       0      107    118    0x000000000EEDD5E7 Volquez, Edinson
27043           12834       002    NL     2013   Regular    3             0      0      0      0          1      0             1.920001      8              1               12     5      5          5.4                    4      4      0      3        0          0      0           0      7           0      0             0        142     86        0      0      0      2       0       0      35     39     0x000000000EEDD542 Loe, Kameron D.
26895           12834       038    AL     2013   Regular    1             1      1      0      0          0      1             1.800002      6              2               11     8      8          10.8                   1      3      0      6        0          0      0           0      4           0      0             0        102     65        0      0      0      0       0       0      27     28     0x000000000EEDC9DD Loe, Kameron D.
27269           12834       001    NL     2013   Regular    5             1      2      0      0          0      0             1.885715      11             2               17     8      8          6.17142857142857       5      8      1      2        0          2      1           0      9           1      0             0        210     138       0      1      0      4       2       0      51     57     0x000000000EEDD6CA Loe, Kameron D.
27270           13172       005    NL     2013   Regular    8             0      0      0      0          1      0             1.546875      21             1               14     7      6          2.53125                19     27     3      1        1          2      3           1      21          0      0             0        402     236       1      0      0      2       0       0      75     96     0x000000000EED80C3 Marmol, Carlos Agustin
26678           13172       002    NL     2013   Regular    9             2      4      2      3          5      0.5           1.698796      27             2               26     19     18         5.85542168674699       21     32     7      6        3          1      2           0      31          0      0             0        524     313       1      1      0      4       1       0      103    129    0x000000000EED8334 Marmol, Carlos Agustin
27244           13818       005    NL     2013   Regular    0             8      3      0      0          0      0             1.195402      87             0               83     40     34         3.51724137931034       21     75     13     6        6          0      1           0      16          15     0             0        1367    884       0      3      0      18      2       0      336    366    0x000000000EEDD570 Nolasco, Carlos Enrique (Ricky)
26662           13818       014    NL     2013   Regular    0             5      8      0      0          0      0.4           1.219585      112            1               112    50     48         3.84569732937685       25     90     18     11       4          1      4           0      18          18     0             0        1816    1139      3      6      0      25      2       0      430    468    0x000000000EEDD656 Nolasco, Carlos Enrique (Ricky)
26861           15147       027    AL     2013   Regular    15            0      3      0      3          3      0             1.701493      22             1               23     19     18         7.25373134328358       15     24     7      4        2          2      5           1      29          0      0             0        427     246       0      4      0      6       1       0      89     111    0x000000000EEDD407 Strop, Pedro Angel
27238           15147       002    NL     2013   Regular    7             2      2      1      0          14     1             0.9428574     35             0               22     11     11         2.82857142857143       11     42     8      1        4          0      3           0      37          0      0             0        552     347       0      3      0      7       0       0      125    143    0x000000000EED7982 Strop, Pedro Angel
27359           16362       002    NL     2013   Regular    3             0      2      0      0          3      0             0.7777778     9              0               4      3      2          2                      3      8      1      0        1          0      0           0      10          0      0             0        126     80        0      2      0      1       0       0      30     36     0x000000000EEDD4AE Grimm, Justin
27031           16362       039    AL     2013   Regular    0             7      7      0      0          0      1             1.651686      89             0               116    67     63         6.37078651685393       31     68     19     15       1          1      4           0      17          17     0             0        1516    935       2      2      0      28      1       0      370    406    0x000000000EEDD5F8 Grimm, Justin
26784           17493       004    AL     2013   Regular    13            0      4      0      4          8      0             1.475807      41             1               45     20     18         3.91935483870968       16     40     14     5        3          2      2           0      54          0      0             0        712     448       2      1      0      12      0       0      162    184    0x000000000EEDC6BF Wright, Wesley
27316           17493       056    AL     2013   Regular    4             0      0      0      0          1      0             0.9729732     12             1               9      4      4          2.91891891891892       3      15     5      2        0          0      0           0      16          0      0             0        198     133       0      0      0      2       1       0      45     48     0x000000000EEDD6BE Wright, Wesley
27140           18840       002    NL     2013   Regular    0             6      1      0      0          0      0.8571429     1.140845      71             0               61     26     25         3.16901408450704       20     62     7      8        4          2      2           0      11          11     0             0        1094    686       1      2      0      13      0       0      266    293    0x000000000EEDC79D Garza, Matthew
27272           18840       039    AL     2013   Regular    0             4      5      0      0          0      1             1.316206      84             1               89     47     41         4.37549407114625       22     74     17     12       1          1      4           0      13          13     1             0        1331    883       2      6      0      16      1       0      328    359    0x000000000EEDD53D Garza, Matthew
26672           19241       010    NL     2013   Regular    13            3      1      0      2          11     1             1.066667      30             0               28     7      7          2.1                    4      29     8      3        1          0      2           0      50          0      0             0        489     330       1      0      0      4       0       0      114    120    0x000000000EED7ABF Thatcher, Joseph (Joe)
27293           19241       055    NL     2013   Regular    3             0      1      0      2          4      0             1.928572      9              1               12     7      7          6.75                   6      7      0      1        0          0      1           0      22          0      0             0        181     112       1      0      0      1       0       0      36     42     0x000000000EEDD647 Thatcher, Joseph (Joe)
27159           19343       009    NL     2013   Regular    2             0      0      0      0          0      0             3             6              0               10     10     10         15                     8      5      0      1        1          0      3           0      6           0      0             0        141     81        1      1      0      1       0       0      26     37     0x000000000EEDD291 Zagurski, Michael
27376           19343       036    AL     2013   Regular    0             0      0      0      0          0      0             3.00003       0              1               1      2      2          54                     0      0      0      0        1          0      0           0      1           0      0             0        10      4         0      0      0      0       0       0      2      3      0x000000000EEDD6EA Zagurski, Michael
26760           19354       055    NL     2013   Regular    0             3      8      0      0          0      0.4           1.419355      124            0               128    79     72         5.2258064516129        48     108    20     18       10         1      9           0      21          21     0             0        2126    1349      5      7      0      33      1       0      479    549    0x000000000EEDC82A Kennedy, Ian Patrick
27298           19354       010    NL     2013   Regular    0             4      2      0      0          0      0.6           1.343023      57             1               52     29     27         4.23837209302326       25     55     12     9        2          0      1           1      10          10     0             0        963     611       0      0      0      11      1       0      224    221    0x000000000EEDD2CE Kennedy, Ian Patrick
26798           19410       012    NL     2013   Regular    10            0      3      2      3          0      0             2.454546      14             2               21     20     18         11.0454545454545       15     11     1      3        2          4      1           0      18          0      0             0        313     186       0      1      0      3       0       0      66     82     0x000000000EEDC536 Boggs, Mitchell Lance (Mitch)
27266           19410       013    NL     2013   Regular    4             0      0      0      0          1      0             1.384616      8              2               7      3      3          3.11538461538462       5      5      1      2        1          0      0           0      9           0      0             0        140     80        1      0      0      2       1       0      30     37     0x000000000EEDD62E Boggs, Mitchell Lance (Mitch)
26937           19435       006    NL     2013   Regular    8             0      1      0      0          1      0             1.666668      18             0               14     8      8          4                      16     11     5      1        1          0      2           1      17          0      0             0        365     200       0      0      0      2       0       0      69     86     0x000000000EEDC6C9 Rodriguez, Henry Alberto
27217           19435       002    NL     2013   Regular    2             0      0      0      0          0      0             2.5           4              0               6      4      2          4.5                    4      1      0      1        1          1      0           0      5           0      0             0        86      44        1      0      0      0       1       0      17     23     0x000000000EED77B7 Rodriguez, Henry Alberto
27203           19436       004    AL     2013   Regular    1             0      0      0      0          0      0             2.210531      6              1               9      10     5          7.10526315789474       5      2      1      1        1          1      0           0      4           0      0             0        135     75        0      0      0      4       1       0      31     37     0x000000000EED7968 LeBlanc, Wade Matthew
26933           19436       014    NL     2013   Regular    0             1      5      0      0          0      0.1666667     1.60274       48             2               63     30     28         5.17808219178082       15     31     6      6        2          2      0           0      13          7      0             0        833     528       1      2      0      12      1       0      202    222    0x000000000EEDCAAD LeBlanc, Wade Matthew
27226           19884       030    AL     2013   Regular    1             0      0      0      0          0      0             0             1              0               0      0      0          0                      1      1      0      0        0          0      0           0      1           0      0             0        16      8         0      0      0      0       0       0      3      4      0x000000000EED7976 Wells, Casper Charles
27328           19884       008    NL     2013   Regular    0             0      1      0      0          0      0             7.500045      0              2               3      5      5          67.5                   3      0      0      0        0          0      0           0      1           0      0             0        40      22        0      0      0      1       0       0      5      8      0x000000000EEDD6CC Wells, Casper Charles
26660           19931       004    AL     2013   Regular    0             6      9      0      0          0      0.5           1.412699      126            0               135    62     55         3.92857142857143       43     90     15     11       4          0      3           0      21          21     0             0        2056    1322      3      4      0      30      2       0      487    541    0x000000000EEDC54A Norris, David S. (Bud)
27289           19931       027    AL     2013   Regular    2             4      3      0      0          0      0             1.677632      50             2               61     27     27         4.79605263157895       24     57     19     6        1          0      1           0      11          9      0             0        962     606       0      2      0      10      3       0      205    232    0x000000000EEDC1EF Norris, David S. (Bud)
27122           19953       031    AL     2013   Regular    1             0      0      0      0          0      0             2.666667      3              0               7      5      5          15                     1      5      1      0        0          0      0           0      3           0      0             0        67      43        0      0      0      0       0       0      14     15     0x000000000EEDD5B5 Huff, David
27156           19953       036    AL     2013   Regular    3             3      1      0      0          0      1             0.9807694     34             2               26     18     18         4.67307692307692       8      26     6      7        1          1      1           0      11          2      0             0        495     328       1      1      0      8       0       0      125    136    0x000000000EEDD6C2 Huff, David
27285           19987       002    NL     2013   Regular    0             4      2      0      0          0      1             1.122581      51             2               34     22     21         3.65806451612903       24     37     15     7        3          0      0           0      9           9      0             0        818     513       0      2      0      9       1       0      184    213    0x000000000EED80C5 Arrieta, Jacob J.
26954           19987       027    AL     2013   Regular    0             1      2      0      0          0      0.5           1.774648      23             2               25     19     19         7.22535211267606       17     23     6      2        2          1      1           0      5           5      0             0        447     271       3      0      0      6       2       0      89     111    0x000000000EEDD651 Arrieta, Jacob J.
27165           20463       002    NL     2013   Regular    1             0      0      0      0          0      0             0             1              0               1      0      0          0                      0      0      0      0        0          0      0           0      1           0      0             0        13      9         0      0      0      0       0       0      4      4      0x000000000EEDD178 Burnett, Alex
27108           20463       027    AL     2013   Regular    0             0      0      0      0          0      0             4.500011      1              1               4      3      3          20.25                  2      2      0      0        0          0      0           0      2           0      0             0        38      20        0      0      0      2       0       0      8      10     0x000000000EEDD6B9 Burnett, Alex
26758           20589       012    NL     2013   Regular    4             0      0      0      0          0      0             1.935485      10             1               16     9      9          7.83870967741935       4      9      2      1        1          1      0           0      11          0      0             0        175     101       1      0      0      3       0       0      44     50     0x000000000EEDC828 Rzepczynski, Marc
27292           20589       031    AL     2013   Regular    6             0      0      0      0          6      0             0.8360661     20             1               11     4      2          0.885245901639344      6      20     3      1        3          2      0           0      27          0      0             0        299     178       0      0      0      4       0       0      67     76     0x000000000EEDD645 Rzepczynski, Marc
27336           20598       012    NL     2013   Regular    3             1      0      0      1          0      0             1.354839      10             1               11     3      2          1.74193548387097       3      11     4      0        1          0      0           0      13          0      0             0        178     119       0      1      0      2       0       0      39     44     0x000000000EEDD23A Axford, John
26705           20598       034    NL     2013   Regular    13            6      7      0      6          19     0             1.554878      54             2               62     29     27         4.44512195121951       23     54     8      10       1          3      5           0      62          0      0             0        994     597       1      3      0      8       0       0      217    245    0x000000000EED7AC7 Axford, John
26833           21207       032    AL     2013   Regular    3             0      2      0      0          1      0             3.692311      4              1               8      10     10         20.7692307692308       8      6      2      1        0          0      1           0      7           0      0             0        129     72        1      1      0      4       0       0      18     28     0x000000000EED7AE4 Villarreal, Brayan Rene
27322           21207       028    AL     2013   Regular    1             0      0      0      0          0      0             0             0              0               0      0      0          0                      1      0      0      0        0          0      0           0      1           0      0             0        4       0         0      0      0      0       0       0      0      1      0x000000000EEDBD9D Villarreal, Brayan Rene
27200           21765       006    NL     2013   Regular    3             0      0      0      0          2      0             1.000002      6              0               5      1      1          1.5                    1      6      2      0        0          0      0           0      11          0      0             0        82      58        0      0      0      0       0       0      22     23     0x000000000EEDD2A6 Cedeno, Xavier
26782           21765       004    AL     2013   Regular    0             0      0      0      0          0      0             2.684212      6              1               10     11     8          11.3684210526316       7      3      0      0        2          0      0           0      5           0      0             0        139     78        0      1      0      2       1       0      27     37     0x000000000EED8342 Cedeno, Xavier
27037           22256       010    NL     2013   Regular    1             0      0      0      0          0      0             1.111112      9              0               5      2      2          2                      5      6      3      1        0          0      0           0      3           0      0             0        152     88        1      0      0      1       0       0      29     35     0x000000000EED835F Weber, Thad G.
27155           22256       040    AL     2013   Regular    4             0      1      0      0          0      0             1.666667      6              0               7      3      2          3                      3      4      1      1        0          0      0           0      5           0      0             0        86      52        1      0      0      2       0       0      22     26     0x000000000EEDD6C1 Weber, Thad G.
27278           22538       013    NL     2013   Regular    0             0      3      0      0          0      0             1.842105      19             0               33     21     21         9.94736842105263       2      8      1      4        0          0      0           0      4           4      0             0        324     219       1      2      0      9       0       0      86     91     0x000000000EEDD5D0 McHugh, Collin Alexander
27131           22538       007    NL     2013   Regular    2             0      1      0      0          0      0             2.142857      7              0               12     8      8          10.2857142857143       3      3      0      2        0          0      0           0      3           1      0             0        111     73        1      0      0      1       1       0      30     34     0x000000000EEDC79B McHugh, Collin Alexander
27143           22568       001    NL     2013   Regular    2             0      0      0      0          0      0             1.650002      6              2               8      6      6          8.1                    3      6      1      4        0          0      0           0      3           0      0             0        125     72        0      0      0      2       0       0      28     31     0x000000000EEDD420 Rasmus, Cory
27330           22568       029    AL     2013   Regular    4             1      1      0      1          2      0             1.733333      15             0               16     9      7          4.2                    10     14     2      2        0          2      0           1      16          0      0             0        283     172       1      0      0      5       0       0      59     72     0x000000000EEDD5AE Rasmus, Cory
27273           22579       009    NL     2013   Regular    2             0      0      0      0          0      0             2.000005      4              0               6      2      2          4.5                    2      3      2      0        1          0      1           0      3           0      0             0        81      53        0      0      0      2       0       0      18     21     0x000000000EEDBF70 Black, Victor
27341           22579       007    NL     2013   Regular    4             3      0      1      1          4      1             1.153846      13             0               11     5      5          3.46153846153846       4      12     3      1        1          0      3           0      15          0      0             0        204     130       2      0      0      2       0       0      48     55     0x000000000EEDD23C Black, Victor
27342           22582       034    NL     2013   Regular    4             0      1      0      0          0      0             1.285714      7              0               6      4      3          3.85714285714286       3      4      1      1        0          0      0           0      7           0      0             0        124     79        1      1      0      1       0       0      27     32     0x000000000EEDD23D Blazek, Michael
27223           22582       012    NL     2013   Regular    3             0      0      0      0          0      0             1.935486      10             1               10     8      8          6.96774193548387       10     10     0      2        1          0      0           0      11          0      0             0        210     126       0      0      0      1       0       0      41     52     0x000000000EED7973 Blazek, Michael
27181           22775       031    AL     2013   Regular    2             1      0      0      0          0      1             1.312501      5              1               5      3      3          5.0625                 2      6      3      1        0          0      0           0      5           0      0             0        97      60        0      0      0      1       1       0      21     23     0x000000000EED795C Langwell, Matthew August
27369           22775       055    NL     2013   Regular    3             0      0      0      0          0      0             1.500001      8              2               8      5      5          5.19230769230769       5      6      2      1        1          0      0           0      8           0      0             0        151     93        0      0      0      1       0       0      33     39     0x000000000EEDD6E9 Langwell, Matthew August

(93 row(s) affected)

